// Jest Snapshot v1, https://goo.gl/fbAQLP

exports[`matches snapshot 1`] = `
<div
  className="Hangman"
>
  <p>
    Wrong guesses: 
    0
  </p>
  <img
    src="0.jpg"
  />
  <p
    className="Hangman-word"
  >
    _
    _
    _
    _
    _
  </p>
  <p>
    <button
      className="Hangman-ltr-btn"
      disabled={false}
      key="a"
      onClick={[Function]}
      value="a"
    >
      a
    </button>
    <button
      className="Hangman-ltr-btn"
      disabled={false}
      key="b"
      onClick={[Function]}
      value="b"
    >
      b
    </button>
    <button
      className="Hangman-ltr-btn"
      disabled={false}
      key="c"
      onClick={[Function]}
      value="c"
    >
      c
    </button>
    <button
      className="Hangman-ltr-btn"
      disabled={false}
      key="d"
      onClick={[Function]}
      value="d"
    >
      d
    </button>
    <button
      className="Hangman-ltr-btn"
      disabled={false}
      key="e"
      onClick={[Function]}
      value="e"
    >
      e
    </button>
    <button
      className="Hangman-ltr-btn"
      disabled={false}
      key="f"
      onClick={[Function]}
      value="f"
    >
      f
    </button>
    <button
      className="Hangman-ltr-btn"
      disabled={false}
      key="g"
      onClick={[Function]}
      value="g"
    >
      g
    </button>
    <button
      className="Hangman-ltr-btn"
      disabled={false}
      key="h"
      onClick={[Function]}
      value="h"
    >
      h
    </button>
    <button
      className="Hangman-ltr-btn"
      disabled={false}
      key="i"
      onClick={[Function]}
      value="i"
    >
      i
    </button>
    <button
      className="Hangman-ltr-btn"
      disabled={false}
      key="j"
      onClick={[Function]}
      value="j"
    >
      j
    </button>
    <button
      className="Hangman-ltr-btn"
      disabled={false}
      key="k"
      onClick={[Function]}
      value="k"
    >
      k
    </button>
    <button
      className="Hangman-ltr-btn"
      disabled={false}
      key="l"
      onClick={[Function]}
      value="l"
    >
      l
    </button>
    <button
      className="Hangman-ltr-btn"
      disabled={false}
      key="m"
      onClick={[Function]}
      value="m"
    >
      m
    </button>
    <button
      className="Hangman-ltr-btn"
      disabled={false}
      key="n"
      onClick={[Function]}
      value="n"
    >
      n
    </button>
    <button
      className="Hangman-ltr-btn"
      disabled={false}
      key="o"
      onClick={[Function]}
      value="o"
    >
      o
    </button>
    <button
      className="Hangman-ltr-btn"
      disabled={false}
      key="p"
      onClick={[Function]}
      value="p"
    >
      p
    </button>
    <button
      className="Hangman-ltr-btn"
      disabled={false}
      key="q"
      onClick={[Function]}
      value="q"
    >
      q
    </button>
    <button
      className="Hangman-ltr-btn"
      disabled={false}
      key="r"
      onClick={[Function]}
      value="r"
    >
      r
    </button>
    <button
      className="Hangman-ltr-btn"
      disabled={false}
      key="s"
      onClick={[Function]}
      value="s"
    >
      s
    </button>
    <button
      className="Hangman-ltr-btn"
      disabled={false}
      key="t"
      onClick={[Function]}
      value="t"
    >
      t
    </button>
    <button
      className="Hangman-ltr-btn"
      disabled={false}
      key="u"
      onClick={[Function]}
      value="u"
    >
      u
    </button>
    <button
      className="Hangman-ltr-btn"
      disabled={false}
      key="v"
      onClick={[Function]}
      value="v"
    >
      v
    </button>
    <button
      className="Hangman-ltr-btn"
      disabled={false}
      key="w"
      onClick={[Function]}
      value="w"
    >
      w
    </button>
    <button
      className="Hangman-ltr-btn"
      disabled={false}
      key="x"
      onClick={[Function]}
      value="x"
    >
      x
    </button>
    <button
      className="Hangman-ltr-btn"
      disabled={false}
      key="y"
      onClick={[Function]}
      value="y"
    >
      y
    </button>
    <button
      className="Hangman-ltr-btn"
      disabled={false}
      key="z"
      onClick={[Function]}
      value="z"
    >
      z
    </button>
  </p>
  <button
    className="Hangman-reset"
    onClick={[Function]}
  >
     Restart 
  </button>
</div>
`;
